stm32l4xx_ll_usart.h:3183:26:LL_USART_IsActiveFlag_TXE	16	static
stm32l4xx_ll_usart.h:4568:22:LL_USART_TransmitData8	16	static
gsmEC200U.c:393:6:initGSMSIM868	16	static
gsmEC200U.c:529:6:operateGSMSIM868	4832	static
gsmEC200U.c:752:6:sendGSMCommand	80	static
gsmEC200U.c:1672:6:updateHttpDataLength	48	static
gsmEC200U.c:1906:6:updatePhoneNumber	4	static
gsmEC200U.c:1969:6:syncrtcwithNetworkTime	8	static
gsmEC200U.c:2041:10:updateHTTPReadLength	24	static
gsmEC200U.c:2103:6:initHTTPURLforFOTA	4	static
gsmEC200U.c:2112:6:UrlLenforFOTA	16	static
gsmEC200U.c:2123:6:Deinit_FOTA_Fail	8	static
