stm32l4xx_ll_usart.h:3142:26:LL_USART_IsActiveFlag_RXNE	16	static
stm32l4xx_it.c:76:6:NMI_Handler	4	static
stm32l4xx_it.c:91:6:HardFault_Handler	4	static
stm32l4xx_it.c:106:6:MemManage_Handler	4	static
stm32l4xx_it.c:121:6:BusFault_Handler	4	static
stm32l4xx_it.c:136:6:UsageFault_Handler	4	static
stm32l4xx_it.c:151:6:SVC_Handler	4	static
stm32l4xx_it.c:164:6:DebugMon_Handler	4	static
stm32l4xx_it.c:177:6:PendSV_Handler	4	static
stm32l4xx_it.c:190:6:SysTick_Handler	8	static
stm32l4xx_it.c:211:6:EXTI4_IRQHandler	8	static
stm32l4xx_it.c:225:6:DMA1_Channel1_IRQHandler	8	static
stm32l4xx_it.c:239:6:ADC1_IRQHandler	8	static
stm32l4xx_it.c:253:6:CAN1_TX_IRQHandler	8	static
stm32l4xx_it.c:267:6:CAN1_RX0_IRQHandler	8	static
stm32l4xx_it.c:281:6:CAN1_RX1_IRQHandler	8	static
stm32l4xx_it.c:295:6:CAN1_SCE_IRQHandler	8	static
stm32l4xx_it.c:309:6:EXTI9_5_IRQHandler	8	static
stm32l4xx_it.c:323:6:I2C1_EV_IRQHandler	8	static
stm32l4xx_it.c:337:6:I2C1_ER_IRQHandler	8	static
stm32l4xx_it.c:351:6:SPI2_IRQHandler	8	static
stm32l4xx_it.c:365:6:USART1_IRQHandler	8	static
stm32l4xx_it.c:388:6:USART2_IRQHandler	8	static
stm32l4xx_it.c:411:6:USART3_IRQHandler	4	static
stm32l4xx_it.c:424:6:TIM7_IRQHandler	8	static
